// Jest Snapshot v1, https://goo.gl/fbAQLP

exports[`component renders correctly 1`] = `
<DocumentFragment>
  <div>
    <div
      class="navbar"
      data-testid="nav-bar-id"
    >
      <img
        alt="SELogo"
        class="SE-logo"
        data-testid="logo-id"
        src="https://mcrcodes.s3.eu-west-2.amazonaws.com/course/surreal-estate/logo.png"
      />
      <ul
        class="navbar-links"
      >
        <li>
          <a
            class="navbar-links-item"
            href="/"
          >
            View Properties
          </a>
        </li>
        <li>
          <a
            class="navbar-links-item"
            href="/add-property"
          >
            Add a Property
          </a>
        </li>
      </ul>
    </div>
    <div
      class="property-body"
    >
      <div>
        <a
          class="sidebar-link"
          href="/?query={\\"city\\":\\"Manchester\\"}"
        >
          Manchester
        </a>
        <a
          class="sidebar-link"
          href="/?query={\\"city\\":\\"Liverpool\\"}"
        >
          Liverpool
        </a>
        <a
          class="sidebar-link"
          href="/?query={\\"city\\":\\"Sheffield\\"}"
        >
          Sheffield
        </a>
        <a
          class="sidebar-link"
          href="/?query={\\"city\\":\\"Leeds\\"}"
        >
          Leeds
        </a>
      </div>
    </div>
  </div>
</DocumentFragment>
`;
