// Jest Snapshot v1, https://goo.gl/fbAQLP

exports[`Navbar renders correctly 1`] = `
<DocumentFragment>
  <div
    class="navbar"
    data-testid="nav-bar-id"
  >
    <img
      alt="SELogo"
      class="SE-logo"
      data-testid="logo-id"
      src="https://mcrcodes.s3.eu-west-2.amazonaws.com/course/surreal-estate/logo.png"
    />
    <ul
      class="navbar-links"
    >
      <li>
        <a
          class="navbar-links-item"
          data-testid="view-properties-id"
          href="/"
        >
          View Properties
        </a>
      </li>
      <li>
        <a
          class="navbar-links-item"
          data-testid="add-property-id"
          href="/add-property"
        >
          Add a Property
        </a>
      </li>
      <li
        class="facebook-button"
      >
        <button>
          Sign Out
        </button>
      </li>
    </ul>
  </div>
</DocumentFragment>
`;
