// Jest Snapshot v1, https://goo.gl/fbAQLP

exports[`Properties the page renders correctly against snapshot 1`] = `
<DocumentFragment>
  <div
    class="property-body"
  >
    <div>
      <a
        class="sidebar-link"
        href="/?query={\\"city\\":\\"Manchester\\"}"
      >
        Manchester
      </a>
      <a
        class="sidebar-link"
        href="/?query={\\"city\\":\\"Liverpool\\"}"
      >
        Liverpool
      </a>
      <a
        class="sidebar-link"
        href="/?query={\\"city\\":\\"Sheffield\\"}"
      >
        Sheffield
      </a>
      <a
        class="sidebar-link"
        href="/?query={\\"city\\":\\"Leeds\\"}"
      >
        Leeds
      </a>
    </div>
  </div>
</DocumentFragment>
`;
